../Core/Src/main.c:73:5:main	8	static
../Core/Src/main.c:119:6:SystemClock_Config	96	static
../Core/Src/main.c:169:13:MX_I2C1_Init	8	static
../Core/Src/main.c:217:13:MX_USART2_UART_Init	8	static
../Core/Src/main.c:252:13:MX_GPIO_Init	48	static
../Core/Src/main.c:293:6:HAL_I2C_AddrCallback	16	static
../Core/Src/main.c:312:6:HAL_I2C_SlaveRxCpltCallback	16	static
../Core/Src/main.c:328:6:HAL_I2C_SlaveTxCpltCallback	16	static
../Core/Src/main.c:339:6:HAL_I2C_ListenCpltCallback	16	static
../Core/Src/main.c:347:6:HAL_I2C_ErrorCallback	16	static
../Core/Src/main.c:362:6:Error_Handler	4	static,ignoring_inline_asm
