../Core/Src/main.c:67:5:main	16	static
../Core/Src/main.c:140:6:SystemClock_Config	96	static
../Core/Src/main.c:190:13:MX_I2C1_Init	8	static
../Core/Src/main.c:238:13:MX_I2C2_Init	8	static
../Core/Src/main.c:286:13:MX_USART2_UART_Init	8	static
../Core/Src/main.c:321:13:MX_GPIO_Init	48	static
../Core/Src/main.c:359:6:HAL_I2C_AddrCallback	16	static
../Core/Src/main.c:376:6:HAL_I2C_SlaveRxCpltCallback	16	static
../Core/Src/main.c:388:6:HAL_I2C_SlaveTxCpltCallback	16	static
../Core/Src/main.c:393:6:HAL_I2C_ListenCpltCallback	16	static
../Core/Src/main.c:398:6:HAL_I2C_ErrorCallback	16	static
../Core/Src/main.c:413:6:Error_Handler	4	static,ignoring_inline_asm
